// Jest Snapshot v1, https://goo.gl/fbAQLP

exports[`app snapshot test 1`] = `
<div
  className="ant-select ant-select-enabled"
  onBlur={[Function]}
  onClick={[Function]}
  onFocus={[Function]}
  onMouseDown={[Function]}
  onTouchStart={[Function]}
  style={
    Object {
      "width": 200,
    }
  }
>
  <div
    aria-autocomplete="list"
    aria-expanded={false}
    aria-haspopup="true"
    className="ant-select-selection
            ant-select-selection--single"
    onKeyDown={[Function]}
    role="combobox"
    tabIndex={0}
  >
    <div
      className="ant-select-selection__rendered"
    >
      <div
        className="ant-select-selection-selected-value"
        style={
          Object {
            "display": "block",
            "opacity": 1,
          }
        }
        title="Lily"
      >
        Lily
      </div>
    </div>
    <span
      className="ant-select-arrow"
      onClick={[Function]}
      style={
        Object {
          "WebkitUserSelect": "none",
          "userSelect": "none",
        }
      }
      unselectable="on"
    >
      <b />
    </span>
  </div>
</div>
`;
